Seed 3/4 Job Batch Launch Log
Started at: 08/29/2026 15:22:19
Working directory: C:\Users\320257223\PycharmProjects\domain_gen_IL\CMNIST
Python executable: C:\Users\320257223\PycharmProjects\domain_gen_IL\dgil_env\Scripts\python.exe
Manifests to process: domain_count_clean_seed3.txt, domain_count_clean_seed4.txt, imbalance_clean_seed3.txt, imbalance_clean_seed4.txt, e3b_tail_support_seed3.txt, e3b_tail_support_seed4.txt
Total expected jobs: 120
====================================

=== Processing domain_count_clean_seed3.txt at 08/29/2026 15:22:19 ===
[1] python train_sandbox.py --data_dir ..\data --output_dir ..\results\cmnist_domain_count_clean_v1 --exp_name domain_count_clean --lr 0.0001 --batch_size 25000 --dropout_p 0.2 --seed 3 --algorithm erm --steps 600 --train_envs 0.1,0.9 --test_envs 0.0,0.1,0.2,0.3,0.4,0.5,0.6,0.7,0.8,0.9,1.0 --erm_pretrain_iters 0
Args:
	algorithm: erm
	alpha: 0.4
	batch_size: 25000
	data_dir: ..\data
	deterministic: False
	dropout_p: 0.2
	erm_pretrain_iters: 0
	eval_freq: 50
	exp_name: domain_count_clean
	full_resolution: False
	groupdro_eta: 1.0
	loss_fn: nll
	lr: 0.0001
	lr_cos_sched: False
	lr_factor_reduction: 1
	mlp_hidden_dim: 390
	n_workers: 0
	network: FiLMedMLP
	other_arg: default
	output_dir: ..\results\cmnist_domain_count_clean_v1
	penalty_weight: 1000
	save_ckpts: False
	seed: 3
	steps: 600
	tail_support_condition: 
	tail_support_head_env: None
	tail_support_source_envs: 
	tail_support_source_envs_parsed: (0.1, 0.9)
	tail_support_tail_env: None
	test_env_ms: 0.9
	test_envs: 0.0,0.1,0.2,0.3,0.4,0.5,0.6,0.7,0.8,0.9,1.0
	train_env_ps: (0.1, 0.9)
	train_env_size_mode: random
	train_env_sizes: 
	train_env_sizes_parsed: None
	train_envs: 0.1,0.9
	weight_decay: 0
Train environment sample counts: [25000, 25000]
Requested train environments: [0.1, 0.9]
Active train environments: [0.1, 0.9]
Train domain count map: {'0.1': 25000, '0.9': 25000}
Empirical training prior map: {'0.1': 0.5, '0.9': 0.5}
0.0_acc       0.0_loss      0.1_acc       0.1_loss      0.2_acc       0.2_loss      0.3_acc       0.3_loss      0.4_acc       0.4_loss      0.5_acc       0.5_loss      0.6_acc       0.6_loss      0.7_acc       0.7_loss      0.8_acc       0.8_loss      0.9_acc       0.9_loss      1.0_acc       1.0_loss      avg_step_tim  epoch         loss          mem_gb        step         
0.6542000000  0.6341385841  0.6654000000  0.6258891225  0.6624000000  0.6304293871  0.6677000000  0.6260893941  0.6605000000  0.6261645555  0.6615000000  0.6307780743  0.6626000000  0.6288276911  0.6653000000  0.6293026209  0.6636000000  0.6323789954  0.6659000000  0.6285613179  0.6728000000  0.6282377839  0.4652086449  50.000000000  0.6359627843  0.8235135078  50           
0.0_acc       0.0_loss      0.1_acc       0.1_loss      0.2_acc       0.2_loss      0.3_acc       0.3_loss      0.4_acc       0.4_loss      0.5_acc       0.5_loss      0.6_acc       0.6_loss      0.7_acc       0.7_loss      0.8_acc       0.8_loss      0.9_acc       0.9_loss      1.0_acc       1.0_loss      avg_step_tim  epoch         loss          mem_gb        step         
0.6935000000  0.6158828139  0.7009000000  0.6056748033  0.6983000000  0.6100456715  0.7073000000  0.6026466489  0.7045000000  0.6030679345  0.7025000000  0.6072396040  0.7048000000  0.6045458913  0.7026000000  0.6054162979  0.6987000000  0.6096538901  0.7008000000  0.6047239304  0.7023000000  0.6055751443  0.2518848848  100.00000000  0.6084598303  0.8235135078  100          
0.0_acc       0.0_loss      0.1_acc       0.1_loss      0.2_acc       0.2_loss      0.3_acc       0.3_loss      0.4_acc       0.4_loss      0.5_acc       0.5_loss      0.6_acc       0.6_loss      0.7_acc       0.7_loss      0.8_acc       0.8_loss      0.9_acc       0.9_loss      1.0_acc       1.0_loss      avg_step_tim  epoch         loss          mem_gb        step         
0.7111000000  0.6076825261  0.7161000000  0.5966176391  0.7122000000  0.6010139585  0.7189000000  0.5928011537  0.7179000000  0.5912986398  0.7142000000  0.5967132449  0.7172000000  0.5961741805  0.7154000000  0.5969482064  0.7116000000  0.6011301279  0.7143000000  0.5966720581  0.7148000000  0.5974358320  0.1708439843  150.00000000  0.5903258324  0.8235135078  150          
0.0_acc       0.0_loss      0.1_acc       0.1_loss      0.2_acc       0.2_loss      0.3_acc       0.3_loss      0.4_acc       0.4_loss      0.5_acc       0.5_loss      0.6_acc       0.6_loss      0.7_acc       0.7_loss      0.8_acc       0.8_loss      0.9_acc       0.9_loss      1.0_acc       1.0_loss      avg_step_tim  epoch         loss          mem_gb        step         
0.7175000000  0.6046353579  0.7233000000  0.5931650996  0.7163000000  0.5984612107  0.7280000000  0.5894799829  0.7250000000  0.5868837833  0.7200000000  0.5933200717  0.7208000000  0.5946132541  0.7203000000  0.5957798958  0.7166000000  0.5985985398  0.7188000000  0.5948358178  0.7191000000  0.5958746076  0.1115339291  200.00000000  0.5775733590  0.8235135078  200          
0.0_acc       0.0_loss      0.1_acc       0.1_loss      0.2_acc       0.2_loss      0.3_acc       0.3_loss      0.4_acc       0.4_loss      0.5_acc       0.5_loss      0.6_acc       0.6_loss      0.7_acc       0.7_loss      0.8_acc       0.8_loss      0.9_acc       0.9_loss      1.0_acc       1.0_loss      avg_step_tim  epoch         loss          mem_gb        step         
0.7188000000  0.6060170531  0.7256000000  0.5940052867  0.7184000000  0.5999091864  0.7285000000  0.5901813507  0.7289000000  0.5864700079  0.7207000000  0.5939940810  0.7212000000  0.5960684419  0.7198000000  0.5973411202  0.7182000000  0.5983523130  0.7192000000  0.5948120952  0.7212000000  0.5962354541  0.0795269976  250.00000000  0.5650646687  0.8235135078  250          
0.0_acc       0.0_loss      0.1_acc       0.1_loss      0.2_acc       0.2_loss      0.3_acc       0.3_loss      0.4_acc       0.4_loss      0.5_acc       0.5_loss      0.6_acc       0.6_loss      0.7_acc       0.7_loss      0.8_acc       0.8_loss      0.9_acc       0.9_loss      1.0_acc       1.0_loss      avg_step_tim  epoch         loss          mem_gb        step         
0.7160000000  0.6083812118  0.7235000000  0.5967085958  0.7167000000  0.6032484770  0.7254000000  0.5925860405  0.7289000000  0.5885488987  0.7199000000  0.5974177122  0.7219000000  0.5997419357  0.7201000000  0.6016393304  0.7214000000  0.6019679308  0.7220000000  0.5985959768  0.7237000000  0.6005463004  0.0664847422  300.00000000  0.5512212515  0.8235135078  300          
0.0_acc       0.0_loss      0.1_acc       0.1_loss      0.2_acc       0.2_loss      0.3_acc       0.3_loss      0.4_acc       0.4_loss      0.5_acc       0.5_loss      0.6_acc       0.6_loss      0.7_acc       0.7_loss      0.8_acc       0.8_loss      0.9_acc       0.9_loss      1.0_acc       1.0_loss      avg_step_tim  epoch         loss          mem_gb        step         
0.7116000000  0.6136953831  0.7193000000  0.6023058295  0.7137000000  0.6091651917  0.7233000000  0.5973858237  0.7263000000  0.5930649042  0.7168000000  0.6029618979  0.7196000000  0.6052441597  0.7168000000  0.6077853441  0.7196000000  0.6075353622  0.7202000000  0.6036478281  0.7222000000  0.6056383252  0.0573826218  350.00000000  0.5351852179  0.8235135078  350          
0.0_acc       0.0_loss      0.1_acc       0.1_loss      0.2_acc       0.2_loss      0.3_acc       0.3_loss      0.4_acc       0.4_loss      0.5_acc       0.5_loss      0.6_acc       0.6_loss      0.7_acc       0.7_loss      0.8_acc       0.8_loss      0.9_acc       0.9_loss      1.0_acc       1.0_loss      avg_step_tim  epoch         loss          mem_gb        step         
0.7080000000  0.6232636571  0.7150000000  0.6118258834  0.7078000000  0.6181130409  0.7194000000  0.6054982543  0.7225000000  0.6002742052  0.7148000000  0.6108553410  0.7166000000  0.6130260825  0.7129000000  0.6153520346  0.7150000000  0.6150592566  0.7159000000  0.6096857190  0.7181000000  0.6117172837  0.0502811629  400.00000000  0.5211127400  0.8235135078  400          
0.0_acc       0.0_loss      0.1_acc       0.1_loss      0.2_acc       0.2_loss      0.3_acc       0.3_loss      0.4_acc       0.4_loss      0.5_acc       0.5_loss      0.6_acc       0.6_loss      0.7_acc       0.7_loss      0.8_acc       0.8_loss      0.9_acc       0.9_loss      1.0_acc       1.0_loss      avg_step_tim  epoch         loss          mem_gb        step         
0.7049000000  0.6329774261  0.7128000000  0.6214259863  0.7042000000  0.6277196407  0.7147000000  0.6148024797  0.7191000000  0.6086864471  0.7117000000  0.6204745770  0.7116000000  0.6227543950  0.7083000000  0.6249198318  0.7106000000  0.6252600551  0.7118000000  0.6189554334  0.7128000000  0.6214236021  0.0440638283  450.00000000  0.5025106668  0.8235135078  450          
0.0_acc       0.0_loss      0.1_acc       0.1_loss      0.2_acc       0.2_loss      0.3_acc       0.3_loss      0.4_acc       0.4_loss      0.5_acc       0.5_loss      0.6_acc       0.6_loss      0.7_acc       0.7_loss      0.8_acc       0.8_loss      0.9_acc       0.9_loss      1.0_acc       1.0_loss      avg_step_tim  epoch         loss          mem_gb        step         
0.6984000000  0.6463633776  0.7059000000  0.6344307661  0.6983000000  0.6402913928  0.7109000000  0.6271839738  0.7143000000  0.6192988753  0.7068000000  0.6311941743  0.7065000000  0.6343588829  0.7045000000  0.6355764866  0.7059000000  0.6350935102  0.7077000000  0.6277450323  0.7086000000  0.6303594112  0.0407948713  500.00000000  0.4843510687  0.8235135078  500          
0.0_acc       0.0_loss      0.1_acc       0.1_loss      0.2_acc       0.2_loss      0.3_acc       0.3_loss      0.4_acc       0.4_loss      0.5_acc       0.5_loss      0.6_acc       0.6_loss      0.7_acc       0.7_loss      0.8_acc       0.8_loss      0.9_acc       0.9_loss      1.0_acc       1.0_loss      avg_step_tim  epoch         loss          mem_gb        step         
0.6945000000  0.6555545330  0.7010000000  0.6447886825  0.6942000000  0.6501970887  0.7042000000  0.6388565302  0.7097000000  0.6308963895  0.6995000000  0.6431810260  0.6989000000  0.6481975913  0.6980000000  0.6498680711  0.7001000000  0.6499592662  0.6995000000  0.6427493095  0.7016000000  0.6460911632  0.0491734713  550.00000000  0.4669409990  0.8235135078  550          
0.0_acc       0.0_loss      0.1_acc       0.1_loss      0.2_acc       0.2_loss      0.3_acc       0.3_loss      0.4_acc       0.4_loss      0.5_acc       0.5_loss      0.6_acc       0.6_loss      0.7_acc       0.7_loss      0.8_acc       0.8_loss      0.9_acc       0.9_loss      1.0_acc       1.0_loss      avg_step_tim  epoch         loss          mem_gb        step         
0.6875000000  0.6711325049  0.6928000000  0.6605722308  0.6892000000  0.6651148796  0.6989000000  0.6537615061  0.7048000000  0.6438933611  0.6930000000  0.6562718749  0.6948000000  0.6615415812  0.6922000000  0.6622946858  0.6959000000  0.6625003815  0.6962000000  0.6544821262  0.6990000000  0.6576263309  0.0450852025  600.00000000  0.4481531978  0.8235135078  600          
[0.66, 0.66, 0.66, 0.66, 0.66, 0.66, 0.66, 0.67, 0.67, 0.67, 0.67]

final accuracies:
0.0    0.1    0.2    0.3    0.4    0.5    0.6    0.7    0.8    0.9    1.0   
0.705  0.694  0.696  0.703  0.701  0.697  0.693  0.694  0.698  0.694  0.695 
[0.6, 0.6, 0.6, 0.6, 0.6, 0.6, 0.6, 0.6, 0.61, 0.61, 0.61]

best accuracies:
0.0    0.1    0.2    0.3    0.4    0.5    0.6    0.7    0.8    0.9    1.0   
0.731  0.718  0.722  0.727  0.723  0.724  0.715  0.721  0.724  0.720  0.717 
Job 1 completed successfully

[2] python train_sandbox.py --data_dir ..\data --output_dir ..\results\cmnist_domain_count_clean_v1 --exp_name domain_count_clean --lr 0.0001 --batch_size 25000 --dropout_p 0.2 --seed 3 --algorithm irm --steps 600 --train_envs 0.1,0.9 --test_envs 0.0,0.1,0.2,0.3,0.4,0.5,0.6,0.7,0.8,0.9,1.0 --erm_pretrain_iters 400 --lr_cos_sched --penalty_weight 1000 --save_ckpts
Args:
	algorithm: irm
	alpha: 0.4
	batch_size: 25000
	data_dir: ..\data
	deterministic: False
	dropout_p: 0.2
	erm_pretrain_iters: 400
	eval_freq: 50
	exp_name: domain_count_clean
	full_resolution: False
	groupdro_eta: 1.0
	loss_fn: nll
	lr: 0.0001
	lr_cos_sched: True
	lr_factor_reduction: 1
	mlp_hidden_dim: 390
	n_workers: 0
	network: FiLMedMLP
	other_arg: default
	output_dir: ..\results\cmnist_domain_count_clean_v1
	penalty_weight: 1000.0
	save_ckpts: True
	seed: 3
	steps: 600
	tail_support_condition: 
	tail_support_head_env: None
	tail_support_source_envs: 
	tail_support_source_envs_parsed: (0.1, 0.9)
	tail_support_tail_env: None
	test_env_ms: 0.9
	test_envs: 0.0,0.1,0.2,0.3,0.4,0.5,0.6,0.7,0.8,0.9,1.0
	train_env_ps: (0.1, 0.9)
	train_env_size_mode: random
	train_env_sizes: 
	train_env_sizes_parsed: None
	train_envs: 0.1,0.9
	weight_decay: 0
Train environment sample counts: [25000, 25000]
Requested train environments: [0.1, 0.9]
Active train environments: [0.1, 0.9]
Train domain count map: {'0.1': 25000, '0.9': 25000}
Empirical training prior map: {'0.1': 0.5, '0.9': 0.5}
train_sandbox.py:231: FutureWarning: You are using `torch.load` with `weights_only=False` (the current default value), which uses the default pickle module implicitly. It is possible to construct malicious pickle data which will execute arbitrary code during unpickling (See https://github.com/pytorch/pytorch/blob/main/SECURITY.md#untrusted-models for more details). In a future release, the default value for `weights_only` will be flipped to `True`. This limits the functions that could be executed during unpickling. Arbitrary objects will no longer be allowed to be loaded via this mode unless they are explicitly allowlisted by the user via `torch.serialization.add_safe_globals`. We recommend you start setting `weights_only=True` for any use case where you don't have full control of the loaded file. Please open an issue on GitHub for any issues related to this experimental feature.
  algorithm.load_state_dict(torch.load(erm_ckpt_pth, map_location=device), strict=False)
ERM-pretrained model loaded: f013ebfba1252b705f2362a5931c86f5.
0.0_acc       0.0_loss      0.1_acc       0.1_loss      0.2_acc       0.2_loss      0.3_acc       0.3_loss      0.4_acc       0.4_loss      0.5_acc       0.5_loss      0.6_acc       0.6_loss      0.7_acc       0.7_loss      0.8_acc       0.8_loss      0.9_acc       0.9_loss      1.0_acc       1.0_loss      avg_step_tim  epoch         erm_loss      loss          mem_gb        penalty       step         
0.7095000000  0.6240400076  0.7162000000  0.6122618914  0.7106000000  0.6189963818  0.7208000000  0.6060785055  0.7233000000  0.6009808183  0.7147000000  0.6122367978  0.7175000000  0.6141402721  0.7138000000  0.6169601083  0.7157000000  0.6169600487  0.7166000000  0.6116442680  0.7185000000  0.6137132645  0.0543858523  450.00000000  0.5213460922  0.0005232486  0.8235163689  0.0000019025  450          
0.0_acc       0.0_loss      0.1_acc       0.1_loss      0.2_acc       0.2_loss      0.3_acc       0.3_loss      0.4_acc       0.4_loss      0.5_acc       0.5_loss      0.6_acc       0.6_loss      0.7_acc       0.7_loss      0.8_acc       0.8_loss      0.9_acc       0.9_loss      1.0_acc       1.0_loss      avg_step_tim  epoch         erm_loss      loss          mem_gb        penalty       step         
0.7096000000  0.6258926392  0.7165000000  0.6137563586  0.7110000000  0.6205161810  0.7211000000  0.6072464585  0.7237000000  0.6019302607  0.7146000000  0.6132100224  0.7176000000  0.6149654388  0.7141000000  0.6176866293  0.7162000000  0.6175558567  0.7170000000  0.6121194959  0.7190000000  0.6140479445  0.0508975854  500.00000000  0.5204069614  0.0005229537  0.8235163689  0.0000025468  500          
0.0_acc       0.0_loss      0.1_acc       0.1_loss      0.2_acc       0.2_loss      0.3_acc       0.3_loss      0.4_acc       0.4_loss      0.5_acc       0.5_loss      0.6_acc       0.6_loss      0.7_acc       0.7_loss      0.8_acc       0.8_loss      0.9_acc       0.9_loss      1.0_acc       1.0_loss      avg_step_tim  epoch         erm_loss      loss          mem_gb        penalty       step         
0.7113000000  0.6212691665  0.7174000000  0.6101923585  0.7111000000  0.6176989675  0.7213000000  0.6054506898  0.7248000000  0.6010000706  0.7158000000  0.6131892800  0.7182000000  0.6158551574  0.7131000000  0.6194490790  0.7160000000  0.6203420162  0.7154000000  0.6157340407  0.7173000000  0.6185535789  0.0460696350  550.00000000  0.5185276270  0.0005285823  0.8235163689  0.0000100546  550          
0.0_acc       0.0_loss      0.1_acc       0.1_loss      0.2_acc       0.2_loss      0.3_acc       0.3_loss      0.4_acc       0.4_loss      0.5_acc       0.5_loss      0.6_acc       0.6_loss      0.7_acc       0.7_loss      0.8_acc       0.8_loss      0.9_acc       0.9_loss      1.0_acc       1.0_loss      avg_step_tim  epoch         erm_loss      loss          mem_gb        penalty       step         
0.7102000000  0.6247975230  0.7166000000  0.6129451990  0.7110000000  0.6199435592  0.7210000000  0.6069733500  0.7241000000  0.6018906832  0.7148000000  0.6134396791  0.7177000000  0.6155123115  0.7137000000  0.6184890866  0.7165000000  0.6186769605  0.7164000000  0.6134713888  0.7186000000  0.6156843901  0.0455818315  600.00000000  0.5206179023  0.0005238761  0.8235163689  0.0000032582  600          
[0.62, 0.62, 0.62, 0.62, 0.62, 0.62, 0.62, 0.62, 0.62, 0.62, 0.62]

final accuracies:
0.0    0.1    0.2    0.3    0.4    0.5    0.6    0.7    0.8    0.9    1.0   
0.721  0.712  0.713  0.720  0.714  0.715  0.714  0.724  0.720  0.717  0.718 
[0.61, 0.62, 0.62, 0.62, 0.62, 0.62, 0.62, 0.62, 0.62, 0.62, 0.62]

best accuracies:
0.0    0.1    0.2    0.3    0.4    0.5    0.6    0.7    0.8    0.9    1.0   
0.720  0.711  0.713  0.720  0.715  0.715  0.714  0.724  0.720  0.718  0.718 
Job 2 completed successfully

[3] python train_sandbox.py --data_dir ..\data --output_dir ..\results\cmnist_domain_count_clean_v1 --exp_name domain_count_clean --lr 0.0001 --batch_size 25000 --dropout_p 0.2 --seed 3 --algorithm groupdro --steps 1000 --train_envs 0.1,0.9 --test_envs 0.0,0.1,0.2,0.3,0.4,0.5,0.6,0.7,0.8,0.9,1.0 --erm_pretrain_iters 400 --lr_cos_sched --groupdro_eta 0.1 --save_ckpts
Args:
	algorithm: groupdro
	alpha: 0.4
	batch_size: 25000
	data_dir: ..\data
	deterministic: False
	dropout_p: 0.2
	erm_pretrain_iters: 400
	eval_freq: 50
	exp_name: domain_count_clean
	full_resolution: False
	groupdro_eta: 0.1
	loss_fn: nll
	lr: 0.0001
	lr_cos_sched: True
	lr_factor_reduction: 1
	mlp_hidden_dim: 390
	n_workers: 0
	network: FiLMedMLP
	other_arg: default
	output_dir: ..\results\cmnist_domain_count_clean_v1
	penalty_weight: 1000
	save_ckpts: True
	seed: 3
	steps: 1000
	tail_support_condition: 
	tail_support_head_env: None
	tail_support_source_envs: 
	tail_support_source_envs_parsed: (0.1, 0.9)
	tail_support_tail_env: None
	test_env_ms: 0.9
	test_envs: 0.0,0.1,0.2,0.3,0.4,0.5,0.6,0.7,0.8,0.9,1.0
	train_env_ps: (0.1, 0.9)
	train_env_size_mode: random
	train_env_sizes: 
	train_env_sizes_parsed: None
	train_envs: 0.1,0.9
	weight_decay: 0
Train environment sample counts: [25000, 25000]
Requested train environments: [0.1, 0.9]
Active train environments: [0.1, 0.9]
Train domain count map: {'0.1': 25000, '0.9': 25000}
Empirical training prior map: {'0.1': 0.5, '0.9': 0.5}
train_sandbox.py:231: FutureWarning: You are using `torch.load` with `weights_only=False` (the current default value), which uses the default pickle module implicitly. It is possible to construct malicious pickle data which will execute arbitrary code during unpickling (See https://github.com/pytorch/pytorch/blob/main/SECURITY.md#untrusted-models for more details). In a future release, the default value for `weights_only` will be flipped to `True`. This limits the functions that could be executed during unpickling. Arbitrary objects will no longer be allowed to be loaded via this mode unless they are explicitly allowlisted by the user via `torch.serialization.add_safe_globals`. We recommend you start setting `weights_only=True` for any use case where you don't have full control of the loaded file. Please open an issue on GitHub for any issues related to this experimental feature.
  algorithm.load_state_dict(torch.load(erm_ckpt_pth, map_location=device), strict=False)
ERM-pretrained model loaded: f013ebfba1252b705f2362a5931c86f5.
0.0_acc       0.0_loss      0.1_acc       0.1_loss      0.2_acc       0.2_loss      0.3_acc       0.3_loss      0.4_acc       0.4_loss      0.5_acc       0.5_loss      0.6_acc       0.6_loss      0.7_acc       0.7_loss      0.8_acc       0.8_loss      0.9_acc       0.9_loss      1.0_acc       1.0_loss      avg_step_tim  epoch         group_losses  group_weight  loss          mem_gb        step         
0.7092000000  0.6208788157  0.7164000000  0.6113155484  0.7074000000  0.6188855171  0.7198000000  0.6081510782  0.7205000000  0.6037161350  0.7126000000  0.6166424751  0.7129000000  0.6205487847  0.7090000000  0.6239746213  0.7106000000  0.6259740591  0.7102000000  0.6214935184  0.7117000000  0.6253100634  0.0552890036  450.00000000  [0.507300436  [0.500895857  0.5114601851  0.6840648651  450          
0.0_acc       0.0_loss      0.1_acc       0.1_loss      0.2_acc       0.2_loss      0.3_acc       0.3_loss      0.4_acc       0.4_loss      0.5_acc       0.5_loss      0.6_acc       0.6_loss      0.7_acc       0.7_loss      0.8_acc       0.8_loss      0.9_acc       0.9_loss      1.0_acc       1.0_loss      avg_step_tim  epoch         group_losses  group_weight  loss          mem_gb        step         
0.7051000000  0.6292399168  0.7130000000  0.6193277240  0.7038000000  0.6264446378  0.7159000000  0.6154513359  0.7174000000  0.6097927690  0.7104000000  0.6230832934  0.7098000000  0.6271580458  0.7043000000  0.6301619411  0.7057000000  0.6320181489  0.7069000000  0.6265976429  0.7077000000  0.6302879453  0.0499088635  500.00000000  [0.499555617  [0.501556515  0.4974377751  0.6840653419  500          
0.0_acc       0.0_loss      0.1_acc       0.1_loss      0.2_acc       0.2_loss      0.3_acc       0.3_loss      0.4_acc       0.4_loss      0.5_acc       0.5_loss      0.6_acc       0.6_loss      0.7_acc       0.7_loss      0.8_acc       0.8_loss      0.9_acc       0.9_loss      1.0_acc       1.0_loss      avg_step_tim  epoch         group_losses  group_weight  loss          mem_gb        step         
0.7011000000  0.6395453215  0.7084000000  0.6290701628  0.6996000000  0.6354470253  0.7129000000  0.6239877939  0.7146000000  0.6170443296  0.7066000000  0.6299639940  0.7055000000  0.6339216828  0.7002000000  0.6364479065  0.7027000000  0.6375297904  0.7045000000  0.6310860515  0.7054000000  0.6345787644  0.0459969672  550.00000000  [0.487550467  [0.500937581  0.4872013927  0.6840653419  550          
0.0_acc       0.0_loss      0.1_acc       0.1_loss      0.2_acc       0.2_loss      0.3_acc       0.3_loss      0.4_acc       0.4_loss      0.5_acc       0.5_loss      0.6_acc       0.6_loss      0.7_acc       0.7_loss      0.8_acc       0.8_loss      0.9_acc       0.9_loss      1.0_acc       1.0_loss      avg_step_tim  epoch         group_losses  group_weight  loss          mem_gb        step         
0.6968000000  0.6517558694  0.7037000000  0.6399541497  0.6971000000  0.6450579166  0.7071000000  0.6332614422  0.7124000000  0.6242500544  0.7030000000  0.6363493204  0.7029000000  0.6406531930  0.6987000000  0.6421207786  0.7016000000  0.6419482231  0.7030000000  0.6339845657  0.7032000000  0.6371957660  0.0425070298  600.00000000  [0.476259559  [0.500797808  0.4753724635  0.6840653419  600          
0.0_acc       0.0_loss      0.1_acc       0.1_loss      0.2_acc       0.2_loss      0.3_acc       0.3_loss      0.4_acc       0.4_loss      0.5_acc       0.5_loss      0.6_acc       0.6_loss      0.7_acc       0.7_loss      0.8_acc       0.8_loss      0.9_acc       0.9_loss      1.0_acc       1.0_loss      avg_step_tim  epoch         group_losses  group_weight  loss          mem_gb        step         
0.6942000000  0.6545937061  0.7008000000  0.6438606381  0.6942000000  0.6494110823  0.7046000000  0.6384949088  0.7120000000  0.6294681430  0.7004000000  0.6429694891  0.6996000000  0.6481348872  0.6972000000  0.6500360966  0.6994000000  0.6508163214  0.7002000000  0.6434434652  0.7010000000  0.6470300555  0.0395063595  650.00000000  [0.465751349  [0.501190602  0.4658183455  0.6840653419  650          
0.0_acc       0.0_loss      0.1_acc       0.1_loss      0.2_acc       0.2_loss      0.3_acc       0.3_loss      0.4_acc       0.4_loss      0.5_acc       0.5_loss      0.6_acc       0.6_loss      0.7_acc       0.7_loss      0.8_acc       0.8_loss      0.9_acc       0.9_loss      1.0_acc       1.0_loss      avg_step_tim  epoch         group_losses  group_weight  loss          mem_gb        step         
0.6879000000  0.6665850282  0.6952000000  0.6545901299  0.6903000000  0.6594195962  0.7004000000  0.6472522020  0.7091000000  0.6368635297  0.6975000000  0.6491806507  0.6978000000  0.6538254023  0.6952000000  0.6544991732  0.6993000000  0.6541430354  0.7003000000  0.6454225183  0.7019000000  0.6479806304  0.0357350022  700.00000000  [0.462401777  [0.500832378  0.4603606462  0.6840653419  700          
0.0_acc       0.0_loss      0.1_acc       0.1_loss      0.2_acc       0.2_loss      0.3_acc       0.3_loss      0.4_acc       0.4_loss      0.5_acc       0.5_loss      0.6_acc       0.6_loss      0.7_acc       0.7_loss      0.8_acc       0.8_loss      0.9_acc       0.9_loss      1.0_acc       1.0_loss      avg_step_tim  epoch         group_losses  group_weight  loss          mem_gb        step         
0.6884000000  0.6655502915  0.6943000000  0.6551761627  0.6905000000  0.6601027846  0.7003000000  0.6491308212  0.7066000000  0.6394479871  0.6949000000  0.6528227329  0.6948000000  0.6586499810  0.6918000000  0.6601233482  0.6958000000  0.6611402035  0.6966000000  0.6529589295  0.6985000000  0.6566228867  0.0336278852  750.00000000  [0.449207484  [0.500646173  0.4512749612  0.6840653419  750          
0.0_acc       0.0_loss      0.1_acc       0.1_loss      0.2_acc       0.2_loss      0.3_acc       0.3_loss      0.4_acc       0.4_loss      0.5_acc       0.5_loss      0.6_acc       0.6_loss      0.7_acc       0.7_loss      0.8_acc       0.8_loss      0.9_acc       0.9_loss      1.0_acc       1.0_loss      avg_step_tim  epoch         group_losses  group_weight  loss          mem_gb        step         
0.6862000000  0.6720664501  0.6926000000  0.6608706117  0.6888000000  0.6654649973  0.6978000000  0.6541489363  0.7066000000  0.6435788870  0.6940000000  0.6565678716  0.6938000000  0.6620292068  0.6917000000  0.6629461646  0.6955000000  0.6632111073  0.6969000000  0.6546687484  0.6991000000  0.6577134728  0.0314813048  800.00000000  [0.445524454  [0.500531077  0.4452979565  0.6840653419  800          
0.0_acc       0.0_loss      0.1_acc       0.1_loss      0.2_acc       0.2_loss      0.3_acc       0.3_loss      0.4_acc       0.4_loss      0.5_acc       0.5_loss      0.6_acc       0.6_loss      0.7_acc       0.7_loss      0.8_acc       0.8_loss      0.9_acc       0.9_loss      1.0_acc       1.0_loss      avg_step_tim  epoch         group_losses  group_weight  loss          mem_gb        step         
0.6866000000  0.6730535030  0.6937000000  0.6623573303  0.6887000000  0.6668936610  0.6978000000  0.6560466886  0.7059000000  0.6454855800  0.6943000000  0.6587117910  0.6943000000  0.6645238400  0.6917000000  0.6656515598  0.6955000000  0.6663177013  0.6961000000  0.6576030850  0.6994000000  0.6607607603  0.0298514697  850.00000000  [0.442715466  [0.500334799  0.4453473687  0.6840653419  850          
0.0_acc       0.0_loss      0.1_acc       0.1_loss      0.2_acc       0.2_loss      0.3_acc       0.3_loss      0.4_acc       0.4_loss      0.5_acc       0.5_loss      0.6_acc       0.6_loss      0.7_acc       0.7_loss      0.8_acc       0.8_loss      0.9_acc       0.9_loss      1.0_acc       1.0_loss      avg_step_tim  epoch         group_losses  group_weight  loss          mem_gb        step         
0.6861000000  0.6744043827  0.6929000000  0.6636787653  0.6881000000  0.6682080030  0.6978000000  0.6572898030  0.7050000000  0.6466544271  0.6944000000  0.6599153876  0.6945000000  0.6658760309  0.6915000000  0.6668218374  0.6948000000  0.6674848199  0.6958000000  0.6588655114  0.6988000000  0.6619763374  0.0296935066  900.00000000  [0.439334750  [0.501005768  0.4408517480  0.6840653419  900          
0.0_acc       0.0_loss      0.1_acc       0.1_loss      0.2_acc       0.2_loss      0.3_acc       0.3_loss      0.4_acc       0.4_loss      0.5_acc       0.5_loss      0.6_acc       0.6_loss      0.7_acc       0.7_loss      0.8_acc       0.8_loss      0.9_acc       0.9_loss      1.0_acc       1.0_loss      avg_step_tim  epoch         group_losses  group_weight  loss          mem_gb        step         
0.6854000000  0.6755822897  0.6927000000  0.6647627354  0.6879000000  0.6690577865  0.6977000000  0.6580520868  0.7053000000  0.6471686363  0.6943000000  0.6603327990  0.6945000000  0.6662070155  0.6914000000  0.6669388413  0.6950000000  0.6674180031  0.6964000000  0.6585960984  0.6993000000  0.6615850329  0.0261071210  950.00000000  [0.444714128  [0.500654578  0.4420543909  0.6840653419  950          
0.0_acc       0.0_loss      0.1_acc       0.1_loss      0.2_acc       0.2_loss      0.3_acc       0.3_loss      0.4_acc       0.4_loss      0.5_acc       0.5_loss      0.6_acc       0.6_loss      0.7_acc       0.7_loss      0.8_acc       0.8_loss      0.9_acc       0.9_loss      1.0_acc       1.0_loss      avg_step_tim  epoch         group_losses  group_weight  loss          mem_gb        step         
0.6856000000  0.6752186418  0.6927000000  0.6644908190  0.6881000000  0.6688656807  0.6980000000  0.6579619050  0.7052000000  0.6471803188  0.6941000000  0.6604236960  0.6946000000  0.6663888097  0.6915000000  0.6672112346  0.6948000000  0.6677835584  0.6960000000  0.6590692401  0.6987000000  0.6621322632  0.0251109366  1000.0000000  [0.441124916  [0.501168727  0.4416815341  0.6840653419  1000         
[0.66, 0.66, 0.66, 0.67, 0.67, 0.67, 0.67, 0.67, 0.67, 0.67, 0.67]

final accuracies:
0.0    0.1    0.2    0.3    0.4    0.5    0.6    0.7    0.8    0.9    1.0   
0.704  0.692  0.694  0.700  0.698  0.697  0.693  0.693  0.695  0.691  0.693 
[0.62, 0.62, 0.62, 0.62, 0.62, 0.62, 0.63, 0.63, 0.63, 0.63, 0.63]

best accuracies:
0.0    0.1    0.2    0.3    0.4    0.5    0.6    0.7    0.8    0.9    1.0   
0.725  0.714  0.713  0.721  0.719  0.712  0.707  0.712  0.715  0.708  0.708 
Job 3 completed successfully

[4] python train_sandbox.py --data_dir ..\data --output_dir ..\results\cmnist_domain_count_clean_v1 --exp_name domain_count_clean --lr 0.0001 --batch_size 25000 --dropout_p 0.2 --seed 3 --algorithm iro --steps 600 --train_envs 0.1,0.9 --test_envs 0.0,0.1,0.2,0.3,0.4,0.5,0.6,0.7,0.8,0.9,1.0 --erm_pretrain_iters 400 --lr_cos_sched --save_ckpts
Args:
	algorithm: iro
	alpha: 0.4
	batch_size: 25000
	data_dir: ..\data
	deterministic: False
	dropout_p: 0.2
	erm_pretrain_iters: 400
	eval_freq: 50
	exp_name: domain_count_clean
	full_resolution: False
	groupdro_eta: 1.0
	loss_fn: nll
	lr: 0.0001
	lr_cos_sched: True
	lr_factor_reduction: 1
	mlp_hidden_dim: 390
	n_workers: 0
	network: FiLMedMLP
	other_arg: default
	output_dir: ..\results\cmnist_domain_count_clean_v1
	penalty_weight: 1000
	save_ckpts: True
	seed: 3
	steps: 600
	tail_support_condition: 
	tail_support_head_env: None
	tail_support_source_envs: 
	tail_support_source_envs_parsed: (0.1, 0.9)
	tail_support_tail_env: None
	test_env_ms: 0.9
	test_envs: 0.0,0.1,0.2,0.3,0.4,0.5,0.6,0.7,0.8,0.9,1.0
	train_env_ps: (0.1, 0.9)
	train_env_size_mode: random
	train_env_sizes: 
	train_env_sizes_parsed: None
	train_envs: 0.1,0.9
	weight_decay: 0
Train environment sample counts: [25000, 25000]
Requested train environments: [0.1, 0.9]
Active train environments: [0.1, 0.9]
Train domain count map: {'0.1': 25000, '0.9': 25000}
Empirical training prior map: {'0.1': 0.5, '0.9': 0.5}
train_sandbox.py:231: FutureWarning: You are using `torch.load` with `weights_only=False` (the current default value), which uses the default pickle module implicitly. It is possible to construct malicious pickle data which will execute arbitrary code during unpickling (See https://github.com/pytorch/pytorch/blob/main/SECURITY.md#untrusted-models for more details). In a future release, the default value for `weights_only` will be flipped to `True`. This limits the functions that could be executed during unpickling. Arbitrary objects will no longer be allowed to be loaded via this mode unless they are explicitly allowlisted by the user via `torch.serialization.add_safe_globals`. We recommend you start setting `weights_only=True` for any use case where you don't have full control of the loaded file. Please open an issue on GitHub for any issues related to this experimental feature.
  algorithm.load_state_dict(torch.load(erm_ckpt_pth, map_location=device), strict=False)
ERM-pretrained model loaded: f013ebfba1252b705f2362a5931c86f5.
0.0_acc       0.0_loss      0.1_acc       0.1_loss      0.2_acc       0.2_loss      0.3_acc       0.3_loss      0.4_acc       0.4_loss      0.5_acc       0.5_loss      0.6_acc       0.6_loss      0.7_acc       0.7_loss      0.8_acc       0.8_loss      0.9_acc       0.9_loss      1.0_acc       1.0_loss      avg_step_tim  epoch         loss          mem_gb        step         
0.5618000000  0.6830867529  0.4961000000  0.6865734458  0.5004000000  0.6857191920  0.4907000000  0.6877967715  0.4918000000  0.6881223321  0.5006000000  0.6859731674  0.4953000000  0.6870679259  0.4941000000  0.6873887777  0.4984000000  0.6872222424  0.5013000000  0.6863421798  0.5017000000  0.6861506701  0.8883237176  450.00000000  0.0347215272  8.4867897034  450          
0.0_acc       0.0_loss      0.1_acc       0.1_loss      0.2_acc       0.2_loss      0.3_acc       0.3_loss      0.4_acc       0.4_loss      0.5_acc       0.5_loss      0.6_acc       0.6_loss      0.7_acc       0.7_loss      0.8_acc       0.8_loss      0.9_acc       0.9_loss      1.0_acc       1.0_loss      avg_step_tim  epoch         loss          mem_gb        step         
0.6713000000  0.6695284247  0.6534000000  0.6524198651  0.6508000000  0.6535485983  0.6523000000  0.6534425616  0.6486000000  0.6550344825  0.6483000000  0.6560804248  0.6485000000  0.6560580730  0.6436000000  0.6569644809  0.6441000000  0.6581897736  0.6442000000  0.6578531861  0.6468000000  0.6577907801  0.7727792854  500.00000000  0.0335571170  8.4867897034  500          
0.0_acc       0.0_loss      0.1_acc       0.1_loss      0.2_acc       0.2_loss      0.3_acc       0.3_loss      0.4_acc       0.4_loss      0.5_acc       0.5_loss      0.6_acc       0.6_loss      0.7_acc       0.7_loss      0.8_acc       0.8_loss      0.9_acc       0.9_loss      1.0_acc       1.0_loss      avg_step_tim  epoch         loss          mem_gb        step         
0.6779000000  0.6603737473  0.6691000000  0.6388366818  0.6658000000  0.6407822371  0.6679000000  0.6400028467  0.6654000000  0.6418761611  0.6629000000  0.6440350413  0.6668000000  0.6437411904  0.6623000000  0.6448180079  0.6587000000  0.6466103792  0.6598000000  0.6460439563  0.6598000000  0.6460868716  0.7016091910  550.00000000  0.0327203386  8.4867897034  550          
0.0_acc       0.0_loss      0.1_acc       0.1_loss      0.2_acc       0.2_loss      0.3_acc       0.3_loss      0.4_acc       0.4_loss      0.5_acc       0.5_loss      0.6_acc       0.6_loss      0.7_acc       0.7_loss      0.8_acc       0.8_loss      0.9_acc       0.9_loss      1.0_acc       1.0_loss      avg_step_tim  epoch         loss          mem_gb        step         
0.6764000000  0.6592639685  0.6690000000  0.6377724409  0.6666000000  0.6396168470  0.6693000000  0.6384517550  0.6660000000  0.6400967836  0.6643000000  0.6421900988  0.6679000000  0.6416153312  0.6640000000  0.6424554586  0.6602000000  0.6440579891  0.6617000000  0.6432157159  0.6626000000  0.6430274844  0.6419637414  600.00000000  0.0326011032  8.4867897034  600          
[0.66, 0.65, 0.65, 0.65, 0.65, 0.65, 0.65, 0.65, 0.64, 0.64, 0.64] [0.68, 0.68, 0.67, 0.67, 0.67, 0.67, 0.67, 0.67, 0.67, 0.66, 0.66]

final accuracies:
0.0    0.1    0.2    0.3    0.4    0.5    0.6    0.7    0.8    0.9    1.0   
0.681  0.677  0.677  0.670  0.664  0.657  0.672  0.660  0.662  0.663  0.662 
[0.66, 0.65, 0.65, 0.65, 0.65, 0.65, 0.65, 0.65, 0.64, 0.64, 0.64] [0.68, 0.68, 0.67, 0.67, 0.67, 0.67, 0.67, 0.67, 0.67, 0.66, 0.66]

best accuracies:
0.0    0.1    0.2    0.3    0.4    0.5    0.6    0.7    0.8    0.9    1.0   
0.681  0.677  0.677  0.670  0.664  0.657  0.672  0.660  0.662  0.663  0.662 
Job 4 completed successfully

[5] python train_sandbox.py --data_dir ..\data --output_dir ..\results\cmnist_domain_count_clean_v1 --exp_name domain_count_clean --lr 0.0001 --batch_size 25000 --dropout_p 0.2 --seed 3 --algorithm inftask --steps 600 --train_envs 0.1,0.9 --test_envs 0.0,0.1,0.2,0.3,0.4,0.5,0.6,0.7,0.8,0.9,1.0 --erm_pretrain_iters 400 --lr_cos_sched --save_ckpts
Args:
	algorithm: inftask
	alpha: 0.4
	batch_size: 25000
	data_dir: ..\data
	deterministic: False
	dropout_p: 0.2
	erm_pretrain_iters: 400
	eval_freq: 50
	exp_name: domain_count_clean
	full_resolution: False
	groupdro_eta: 1.0
	loss_fn: nll
	lr: 0.0001
	lr_cos_sched: True
	lr_factor_reduction: 1
	mlp_hidden_dim: 390
	n_workers: 0
	network: FiLMedMLP
	other_arg: default
	output_dir: ..\results\cmnist_domain_count_clean_v1
	penalty_weight: 1000
	save_ckpts: True
	seed: 3
	steps: 600
	tail_support_condition: 
	tail_support_head_env: None
	tail_support_source_envs: 
	tail_support_source_envs_parsed: (0.1, 0.9)
	tail_support_tail_env: None
	test_env_ms: 0.9
	test_envs: 0.0,0.1,0.2,0.3,0.4,0.5,0.6,0.7,0.8,0.9,1.0
	train_env_ps: (0.1, 0.9)
	train_env_size_mode: random
	train_env_sizes: 
	train_env_sizes_parsed: None
	train_envs: 0.1,0.9
	weight_decay: 0
Train environment sample counts: [25000, 25000]
Requested train environments: [0.1, 0.9]
Active train environments: [0.1, 0.9]
Train domain count map: {'0.1': 25000, '0.9': 25000}
Empirical training prior map: {'0.1': 0.5, '0.9': 0.5}
train_sandbox.py:231: FutureWarning: You are using `torch.load` with `weights_only=False` (the current default value), which uses the default pickle module implicitly. It is possible to construct malicious pickle data which will execute arbitrary code during unpickling (See https://github.com/pytorch/pytorch/blob/main/SECURITY.md#untrusted-models for more details). In a future release, the default value for `weights_only` will be flipped to `True`. This limits the functions that could be executed during unpickling. Arbitrary objects will no longer be allowed to be loaded via this mode unless they are explicitly allowlisted by the user via `torch.serialization.add_safe_globals`. We recommend you start setting `weights_only=True` for any use case where you don't have full control of the loaded file. Please open an issue on GitHub for any issues related to this experimental feature.
  algorithm.load_state_dict(torch.load(erm_ckpt_pth, map_location=device), strict=False)
ERM-pretrained model loaded: f013ebfba1252b705f2362a5931c86f5.
0.0_acc       0.0_loss      0.1_acc       0.1_loss      0.2_acc       0.2_loss      0.3_acc       0.3_loss      0.4_acc       0.4_loss      0.5_acc       0.5_loss      0.6_acc       0.6_loss      0.7_acc       0.7_loss      0.8_acc       0.8_loss      0.9_acc       0.9_loss      1.0_acc       1.0_loss      avg_step_tim  epoch         loss          mem_gb        step         
0.5267000000  0.6835596561  0.4922000000  0.6887297630  0.4965000000  0.6881856322  0.4850000000  0.6914624572  0.4869000000  0.6921994686  0.4948000000  0.6902463436  0.4891000000  0.6921737194  0.4880000000  0.6930523515  0.4907000000  0.6934067607  0.4950000000  0.6928271055  0.4937000000  0.6932921410  0.0848425780  450.00000000  0.0386720411  3.3192720413  450          
0.0_acc       0.0_loss      0.1_acc       0.1_loss      0.2_acc       0.2_loss      0.3_acc       0.3_loss      0.4_acc       0.4_loss      0.5_acc       0.5_loss      0.6_acc       0.6_loss      0.7_acc       0.7_loss      0.8_acc       0.8_loss      0.9_acc       0.9_loss      1.0_acc       1.0_loss      avg_step_tim  epoch         loss          mem_gb        step         
0.6639000000  0.6741522551  0.6476000000  0.6558114886  0.6471000000  0.6565921903  0.6478000000  0.6561429501  0.6444000000  0.6571424007  0.6447000000  0.6576148868  0.6471000000  0.6573321819  0.6426000000  0.6577267647  0.6421000000  0.6584106684  0.6434000000  0.6576406956  0.6460000000  0.6572441459  0.0733844366  500.00000000  0.0373293795  3.3192720413  500          
0.0_acc       0.0_loss      0.1_acc       0.1_loss      0.2_acc       0.2_loss      0.3_acc       0.3_loss      0.4_acc       0.4_loss      0.5_acc       0.5_loss      0.6_acc       0.6_loss      0.7_acc       0.7_loss      0.8_acc       0.8_loss      0.9_acc       0.9_loss      1.0_acc       1.0_loss      avg_step_tim  epoch         loss          mem_gb        step         
0.6727000000  0.6662005186  0.6705000000  0.6395725608  0.6671000000  0.6416472793  0.6691000000  0.6409812570  0.6657000000  0.6429079771  0.6633000000  0.6451418996  0.6662000000  0.6449450254  0.6609000000  0.6460742950  0.6572000000  0.6479406357  0.6579000000  0.6475034952  0.6576000000  0.6476516128  0.0669466036  550.00000000  0.0367469825  3.3192720413  550          
0.0_acc       0.0_loss      0.1_acc       0.1_loss      0.2_acc       0.2_loss      0.3_acc       0.3_loss      0.4_acc       0.4_loss      0.5_acc       0.5_loss      0.6_acc       0.6_loss      0.7_acc       0.7_loss      0.8_acc       0.8_loss      0.9_acc       0.9_loss      1.0_acc       1.0_loss      avg_step_tim  epoch         loss          mem_gb        step         
0.6740000000  0.6649705172  0.6707000000  0.6386214495  0.6679000000  0.6405621171  0.6706000000  0.6394277215  0.6683000000  0.6411072016  0.6651000000  0.6432342529  0.6682000000  0.6426915526  0.6627000000  0.6435471177  0.6588000000  0.6451801062  0.6612000000  0.6444416046  0.6611000000  0.6443132162  0.0618725379  600.00000000  0.0367164351  3.3192720413  600          
[0.66, 0.66, 0.66, 0.66, 0.65, 0.65, 0.65, 0.65, 0.65, 0.65, 0.64] [0.68, 0.68, 0.67, 0.67, 0.67, 0.67, 0.67, 0.67, 0.66, 0.66, 0.66]

final accuracies:
0.0    0.1    0.2    0.3    0.4    0.5    0.6    0.7    0.8    0.9    1.0   
0.673  0.673  0.672  0.663  0.659  0.666  0.666  0.667  0.664  0.661  0.667 
[0.66, 0.66, 0.66, 0.66, 0.65, 0.65, 0.65, 0.65, 0.65, 0.65, 0.64] [0.68, 0.68, 0.67, 0.67, 0.67, 0.67, 0.67, 0.67, 0.66, 0.66, 0.66]

best accuracies:
0.0    0.1    0.2    0.3    0.4    0.5    0.6    0.7    0.8    0.9    1.0   
0.673  0.673  0.672  0.663  0.659  0.666  0.666  0.667  0.664  0.661  0.667 
Job 5 completed successfully

[6] python train_sandbox.py --data_dir ..\data --output_dir ..\results\cmnist_domain_count_clean_v1 --exp_name domain_count_clean --lr 0.0001 --batch_size 25000 --dropout_p 0.2 --seed 3 --algorithm erm --steps 600 --train_envs 0.1,0.2,0.5,0.9 --test_envs 0.0,0.1,0.2,0.3,0.4,0.5,0.6,0.7,0.8,0.9,1.0 --erm_pretrain_iters 0
Args:
	algorithm: erm
	alpha: 0.4
	batch_size: 25000
	data_dir: ..\data
	deterministic: False
	dropout_p: 0.2
	erm_pretrain_iters: 0
	eval_freq: 50
	exp_name: domain_count_clean
	full_resolution: False
	groupdro_eta: 1.0
	loss_fn: nll
	lr: 0.0001
	lr_cos_sched: False
	lr_factor_reduction: 1
	mlp_hidden_dim: 390
	n_workers: 0
	network: FiLMedMLP
	other_arg: default
	output_dir: ..\results\cmnist_domain_count_clean_v1
	penalty_weight: 1000
	save_ckpts: False
	seed: 3
	steps: 600
	tail_support_condition: 
	tail_support_head_env: None
	tail_support_source_envs: 
	tail_support_source_envs_parsed: (0.1, 0.2, 0.5, 0.9)
	tail_support_tail_env: None
	test_env_ms: 0.9
	test_envs: 0.0,0.1,0.2,0.3,0.4,0.5,0.6,0.7,0.8,0.9,1.0
	train_env_ps: (0.1, 0.2, 0.5, 0.9)
	train_env_size_mode: random
	train_env_sizes: 
	train_env_sizes_parsed: None
	train_envs: 0.1,0.2,0.5,0.9
	weight_decay: 0
Train environment sample counts: [12500, 12500, 12500, 12500]
Requested train environments: [0.1, 0.2, 0.5, 0.9]
Active train environments: [0.1, 0.2, 0.5, 0.9]
Train domain count map: {'0.1': 12500, '0.2': 12500, '0.5': 12500, '0.9': 12500}
Empirical training prior map: {'0.1': 0.25, '0.2': 0.25, '0.5': 0.25, '0.9': 0.25}
0.0_acc       0.0_loss      0.1_acc       0.1_loss      0.2_acc       0.2_loss      0.3_acc       0.3_loss      0.4_acc       0.4_loss      0.5_acc       0.5_loss      0.6_acc       0.6_loss      0.7_acc       0.7_loss      0.8_acc       0.8_loss      0.9_acc       0.9_loss      1.0_acc       1.0_loss      avg_step_tim  epoch         loss          mem_gb        step         
0.7707000000  0.5079656839  0.7475000000  0.5335815549  0.7181000000  0.5626366138  0.7005000000  0.5859649181  0.6723000000  0.6160882711  0.6365000000  0.6485164165  0.6092000000  0.6743086576  0.5927000000  0.7012751698  0.5587000000  0.7349474430  0.5364000000  0.7586753964  0.5131000000  0.7838178277  0.3894872141  100.00000000  0.6276467443  0.8211102486  50           
0.0_acc       0.0_loss      0.1_acc       0.1_loss      0.2_acc       0.2_loss      0.3_acc       0.3_loss      0.4_acc       0.4_loss      0.5_acc       0.5_loss      0.6_acc       0.6_loss      0.7_acc       0.7_loss      0.8_acc       0.8_loss      0.9_acc       0.9_loss      1.0_acc       1.0_loss      avg_step_tim  epoch         loss          mem_gb        step         
0.7629000000  0.4986365139  0.7524000000  0.5193333626  0.7326000000  0.5465664864  0.7227000000  0.5641341805  0.7072000000  0.5921143293  0.6826000000  0.6225035191  0.6664000000  0.6475894451  0.6548000000  0.6719892621  0.6296000000  0.7059472799  0.6150000000  0.7244758606  0.6007000000  0.7498925328  0.2011008024  200.00000000  0.6002787948  0.8211102486  100          
0.0_acc       0.0_loss      0.1_acc       0.1_loss      0.2_acc       0.2_loss      0.3_acc       0.3_loss      0.4_acc       0.4_loss      0.5_acc       0.5_loss      0.6_acc       0.6_loss      0.7_acc       0.7_loss      0.8_acc       0.8_loss      0.9_acc       0.9_loss      1.0_acc       1.0_loss      avg_step_tim  epoch         loss          mem_gb        step         
0.7589000000  0.4920734167  0.7508000000  0.5116006732  0.7355000000  0.5382719636  0.7330000000  0.5533909798  0.7202000000  0.5799758434  0.7027000000  0.6098814011  0.6907000000  0.6358550191  0.6813000000  0.6591756344  0.6606000000  0.6937544346  0.6515000000  0.7102038860  0.6414000000  0.7363801003  0.1342848746  300.00000000  0.5839392543  0.8211102486  150          
0.0_acc       0.0_loss      0.1_acc       0.1_loss      0.2_acc       0.2_loss      0.3_acc       0.3_loss      0.4_acc       0.4_loss      0.5_acc       0.5_loss      0.6_acc       0.6_loss      0.7_acc       0.7_loss      0.8_acc       0.8_loss      0.9_acc       0.9_loss      1.0_acc       1.0_loss      avg_step_tim  epoch         loss          mem_gb        step         
0.7561000000  0.4881644547  0.7491000000  0.5077942610  0.7343000000  0.5349246264  0.7364000000  0.5495516658  0.7272000000  0.5749117732  0.7104000000  0.6055284142  0.7016000000  0.6335322857  0.6901000000  0.6553393602  0.6738000000  0.6908494234  0.6661000000  0.7067164779  0.6574000000  0.7336360216  0.0970913923  400.00000000  0.5706852078  0.8211102486  200          
0.0_acc       0.0_loss      0.1_acc       0.1_loss      0.2_acc       0.2_loss      0.3_acc       0.3_loss      0.4_acc       0.4_loss      0.5_acc       0.5_loss      0.6_acc       0.6_loss      0.7_acc       0.7_loss      0.8_acc       0.8_loss      0.9_acc       0.9_loss      1.0_acc       1.0_loss      avg_step_tim  epoch         loss          mem_gb        step         
0.7566000000  0.4876440167  0.7502000000  0.5072751045  0.7360000000  0.5347368121  0.7364000000  0.5494216681  0.7291000000  0.5736030936  0.7137000000  0.6051784158  0.7052000000  0.6348700523  0.6930000000  0.6545653939  0.6789000000  0.6912649274  0.6719000000  0.7064541578  0.6620000000  0.7343477607  0.0781537952  500.00000000  0.5587599277  0.8211102486  250          
0.0_acc       0.0_loss      0.1_acc       0.1_loss      0.2_acc       0.2_loss      0.3_acc       0.3_loss      0.4_acc       0.4_loss      0.5_acc       0.5_loss      0.6_acc       0.6_loss      0.7_acc       0.7_loss      0.8_acc       0.8_loss      0.9_acc       0.9_loss      1.0_acc       1.0_loss      avg_step_tim  epoch         loss          mem_gb        step         
0.7536000000  0.4910666347  0.7499000000  0.5103665590  0.7349000000  0.5376887321  0.7351000000  0.5523723364  0.7308000000  0.5752000809  0.7147000000  0.6073967814  0.7034000000  0.6379899383  0.6936000000  0.6557595730  0.6806000000  0.6935155392  0.6731000000  0.7077242136  0.6623000000  0.7359500527  0.0648551973  600.00000000  0.5471554995  0.8211102486  300          
0.0_acc       0.0_loss      0.1_acc       0.1_loss      0.2_acc       0.2_loss      0.3_acc       0.3_loss      0.4_acc       0.4_loss      0.5_acc       0.5_loss      0.6_acc       0.6_loss      0.7_acc       0.7_loss      0.8_acc       0.8_loss      0.9_acc       0.9_loss      1.0_acc       1.0_loss      avg_step_tim  epoch         loss          mem_gb        step         
0.7547000000  0.4922675788  0.7508000000  0.5123657584  0.7368000000  0.5404455662  0.7348000000  0.5562836528  0.7293000000  0.5789774060  0.7117000000  0.6130592823  0.6986000000  0.6449626088  0.6903000000  0.6623197794  0.6757000000  0.7019808292  0.6671000000  0.7161668539  0.6552000000  0.7458783984  0.0575120354  700.00000000  0.5335798860  0.8211102486  350          
0.0_acc       0.0_loss      0.1_acc       0.1_loss      0.2_acc       0.2_loss      0.3_acc       0.3_loss      0.4_acc       0.4_loss      0.5_acc       0.5_loss      0.6_acc       0.6_loss      0.7_acc       0.7_loss      0.8_acc       0.8_loss      0.9_acc       0.9_loss      1.0_acc       1.0_loss      avg_step_tim  epoch         loss          mem_gb        step         
0.7533000000  0.4972835183  0.7486000000  0.5176919103  0.7361000000  0.5464289188  0.7336000000  0.5628302693  0.7262000000  0.5850568414  0.7077000000  0.6202441454  0.6941000000  0.6534850597  0.6863000000  0.6703737974  0.6702000000  0.7117268443  0.6633000000  0.7261852622  0.6477000000  0.7566388249  0.0498987001  800.00000000  0.5178732872  0.8211102486  400          
0.0_acc       0.0_loss      0.1_acc       0.1_loss      0.2_acc       0.2_loss      0.3_acc       0.3_loss      0.4_acc       0.4_loss      0.5_acc       0.5_loss      0.6_acc       0.6_loss      0.7_acc       0.7_loss      0.8_acc       0.8_loss      0.9_acc       0.9_loss      1.0_acc       1.0_loss      avg_step_tim  epoch         loss          mem_gb        step         
0.7513000000  0.5110484362  0.7449000000  0.5303298831  0.7335000000  0.5582522154  0.7289000000  0.5737488866  0.7221000000  0.5949416161  0.7049000000  0.6291517615  0.6938000000  0.6627111435  0.6847000000  0.6776968837  0.6661000000  0.7195523977  0.6610000000  0.7326249480  0.6463000000  0.7627527118  0.0427017604  900.00000000  0.5020433664  0.8211102486  450          
0.0_acc       0.0_loss      0.1_acc       0.1_loss      0.2_acc       0.2_loss      0.3_acc       0.3_loss      0.4_acc       0.4_loss      0.5_acc       0.5_loss      0.6_acc       0.6_loss      0.7_acc       0.7_loss      0.8_acc       0.8_loss      0.9_acc       0.9_loss      1.0_acc       1.0_loss      avg_step_tim  epoch         loss          mem_gb        step         
0.7511000000  0.5196042061  0.7443000000  0.5381306410  0.7315000000  0.5667526722  0.7261000000  0.5833264589  0.7200000000  0.6049329042  0.7013000000  0.6395751238  0.6881000000  0.6739905477  0.6805000000  0.6893603206  0.6603000000  0.7327278852  0.6542000000  0.7461296916  0.6387000000  0.7771846056  0.0394856811  1000.0000000  0.4845066965  0.8211102486  500          
0.0_acc       0.0_loss      0.1_acc       0.1_loss      0.2_acc       0.2_loss      0.3_acc       0.3_loss      0.4_acc       0.4_loss      0.5_acc       0.5_loss      0.6_acc       0.6_loss      0.7_acc       0.7_loss      0.8_acc       0.8_loss      0.9_acc       0.9_loss      1.0_acc       1.0_loss      avg_step_tim  epoch         loss          mem_gb        step         
0.7527000000  0.5243068337  0.7441000000  0.5443020463  0.7303000000  0.5753279924  0.7229000000  0.5941407084  0.7149000000  0.6187090874  0.6991000000  0.6544979215  0.6820000000  0.6923920512  0.6735000000  0.7083559632  0.6490000000  0.7565433383  0.6438000000  0.7714927793  0.6276000000  0.8053413630  0.0422086971  1100.0000000  0.4682508409  0.8211102486  550          
0.0_acc       0.0_loss      0.1_acc       0.1_loss      0.2_acc       0.2_loss      0.3_acc       0.3_loss      0.4_acc       0.4_loss      0.5_acc       0.5_loss      0.6_acc       0.6_loss      0.7_acc       0.7_loss      0.8_acc       0.8_loss      0.9_acc       0.9_loss      1.0_acc       1.0_loss      avg_step_tim  epoch         loss          mem_gb        step         
0.7476000000  0.5424181223  0.7396000000  0.5602495670  0.7269000000  0.5917993188  0.7169000000  0.6092867255  0.7116000000  0.6342498064  0.6951000000  0.6682527065  0.6780000000  0.7074094415  0.6704000000  0.7209534049  0.6456000000  0.7700573802  0.6414000000  0.7845926285  0.6247000000  0.8175817728  0.0339239844  1200.0000000  0.4486300349  0.8211102486  600          
[0.67, 0.68, 0.7, 0.71, 0.73, 0.74, 0.76, 0.77, 0.78, 0.8, 0.82]

final accuracies:
0.0    0.1    0.2    0.3    0.4    0.5    0.6    0.7    0.8    0.9    1.0   
0.751  0.740  0.721  0.717  0.700  0.688  0.675  0.663  0.652  0.639  0.620 
[0.61, 0.62, 0.63, 0.65, 0.66, 0.67, 0.68, 0.7, 0.71, 0.72, 0.74]

best accuracies:
0.0    0.1    0.2    0.3    0.4    0.5    0.6    0.7    0.8    0.9    1.0   
0.760  0.752  0.737  0.733  0.723  0.712  0.702  0.694  0.690  0.679  0.662 
Job 6 completed successfully

[7] python train_sandbox.py --data_dir ..\data --output_dir ..\results\cmnist_domain_count_clean_v1 --exp_name domain_count_clean --lr 0.0001 --batch_size 25000 --dropout_p 0.2 --seed 3 --algorithm irm --steps 600 --train_envs 0.1,0.2,0.5,0.9 --test_envs 0.0,0.1,0.2,0.3,0.4,0.5,0.6,0.7,0.8,0.9,1.0 --erm_pretrain_iters 400 --lr_cos_sched --penalty_weight 1000 --save_ckpts
Args:
	algorithm: irm
	alpha: 0.4
	batch_size: 25000
	data_dir: ..\data
	deterministic: False
	dropout_p: 0.2
	erm_pretrain_iters: 400
	eval_freq: 50
	exp_name: domain_count_clean
	full_resolution: False
	groupdro_eta: 1.0
	loss_fn: nll
	lr: 0.0001
	lr_cos_sched: True
	lr_factor_reduction: 1
	mlp_hidden_dim: 390
	n_workers: 0
	network: FiLMedMLP
	other_arg: default
	output_dir: ..\results\cmnist_domain_count_clean_v1
	penalty_weight: 1000.0
	save_ckpts: True
	seed: 3
	steps: 600
	tail_support_condition: 
	tail_support_head_env: None
	tail_support_source_envs: 
	tail_support_source_envs_parsed: (0.1, 0.2, 0.5, 0.9)
	tail_support_tail_env: None
	test_env_ms: 0.9
	test_envs: 0.0,0.1,0.2,0.3,0.4,0.5,0.6,0.7,0.8,0.9,1.0
	train_env_ps: (0.1, 0.2, 0.5, 0.9)
	train_env_size_mode: random
	train_env_sizes: 
	train_env_sizes_parsed: None
	train_envs: 0.1,0.2,0.5,0.9
	weight_decay: 0
Train environment sample counts: [12500, 12500, 12500, 12500]
Requested train environments: [0.1, 0.2, 0.5, 0.9]
Active train environments: [0.1, 0.2, 0.5, 0.9]
Train domain count map: {'0.1': 12500, '0.2': 12500, '0.5': 12500, '0.9': 12500}
Empirical training prior map: {'0.1': 0.25, '0.2': 0.25, '0.5': 0.25, '0.9': 0.25}
train_sandbox.py:231: FutureWarning: You are using `torch.load` with `weights_only=False` (the current default value), which uses the default pickle module implicitly. It is possible to construct malicious pickle data which will execute arbitrary code during unpickling (See https://github.com/pytorch/pytorch/blob/main/SECURITY.md#untrusted-models for more details). In a future release, the default value for `weights_only` will be flipped to `True`. This limits the functions that could be executed during unpickling. Arbitrary objects will no longer be allowed to be loaded via this mode unless they are explicitly allowlisted by the user via `torch.serialization.add_safe_globals`. We recommend you start setting `weights_only=True` for any use case where you don't have full control of the loaded file. Please open an issue on GitHub for any issues related to this experimental feature.
  algorithm.load_state_dict(torch.load(erm_ckpt_pth, map_location=device), strict=False)
ERM-pretrained model loaded: 52fad975469fdfebf9c952d436858277.
0.0_acc       0.0_loss      0.1_acc       0.1_loss      0.2_acc       0.2_loss      0.3_acc       0.3_loss      0.4_acc       0.4_loss      0.5_acc       0.5_loss      0.6_acc       0.6_loss      0.7_acc       0.7_loss      0.8_acc       0.8_loss      0.9_acc       0.9_loss      1.0_acc       1.0_loss      avg_step_tim  epoch         erm_loss      loss          mem_gb        penalty       step         
0.7113000000  0.6177369952  0.7177000000  0.6083675623  0.7134000000  0.6155582666  0.7233000000  0.6039339900  0.7243000000  0.6015517712  0.7181000000  0.6104663610  0.7166000000  0.6181338429  0.7207000000  0.6102990508  0.7131000000  0.6227191091  0.7151000000  0.6141312718  0.7135000000  0.6184448600  0.0412011947  900.00000000  0.5281820893  0.0005382209  0.8211150169  0.0000100387  450          
0.0_acc       0.0_loss      0.1_acc       0.1_loss      0.2_acc       0.2_loss      0.3_acc       0.3_loss      0.4_acc       0.4_loss      0.5_acc       0.5_loss      0.6_acc       0.6_loss      0.7_acc       0.7_loss      0.8_acc       0.8_loss      0.9_acc       0.9_loss      1.0_acc       1.0_loss      avg_step_tim  epoch         erm_loss      loss          mem_gb        penalty       step         
0.7143000000  0.6106994152  0.7200000000  0.6028624773  0.7150000000  0.6112287641  0.7244000000  0.6011105180  0.7250000000  0.6001746655  0.7180000000  0.6104270220  0.7160000000  0.6193086505  0.7187000000  0.6129127145  0.7110000000  0.6267244816  0.7124000000  0.6193291545  0.7100000000  0.6250419021  0.0387872167  1000.0000000  0.5271615386  0.0005286647  0.8211150169  0.0000015031  500          
0.0_acc       0.0_loss      0.1_acc       0.1_loss      0.2_acc       0.2_loss      0.3_acc       0.3_loss      0.4_acc       0.4_loss      0.5_acc       0.5_loss      0.6_acc       0.6_loss      0.7_acc       0.7_loss      0.8_acc       0.8_loss      0.9_acc       0.9_loss      1.0_acc       1.0_loss      avg_step_tim  epoch         erm_loss      loss          mem_gb        penalty       step         
0.7137000000  0.6114538312  0.7197000000  0.6034834385  0.7150000000  0.6116685271  0.7240000000  0.6014698148  0.7245000000  0.6004031897  0.7180000000  0.6103934646  0.7162000000  0.6191778779  0.7184000000  0.6126432419  0.7110000000  0.6262383461  0.7125000000  0.6186935306  0.7103000000  0.6242603660  0.0360340192  1100.0000000  0.5277583599  0.0005304703  0.8211150169  0.0000027119  550          
0.0_acc       0.0_loss      0.1_acc       0.1_loss      0.2_acc       0.2_loss      0.3_acc       0.3_loss      0.4_acc       0.4_loss      0.5_acc       0.5_loss      0.6_acc       0.6_loss      0.7_acc       0.7_loss      0.8_acc       0.8_loss      0.9_acc       0.9_loss      1.0_acc       1.0_loss      avg_step_tim  epoch         erm_loss      loss          mem_gb        penalty       step         
0.7141000000  0.6104568243  0.7201000000  0.6027238369  0.7151000000  0.6111071706  0.7244000000  0.6011326313  0.7245000000  0.6002902985  0.7177000000  0.6105121970  0.7160000000  0.6195188761  0.7182000000  0.6131948829  0.7109000000  0.6270486116  0.7122000000  0.6196861863  0.7099000000  0.6254813075  0.0328484615  1200.0000000  0.5277439952  0.0005283589  0.8211150169  0.0000006149  600          
[0.61, 0.61, 0.61, 0.62, 0.62, 0.62, 0.62, 0.62, 0.62, 0.62, 0.63]

final accuracies:
0.0    0.1    0.2    0.3    0.4    0.5    0.6    0.7    0.8    0.9    1.0   
0.727  0.715  0.717  0.725  0.718  0.719  0.714  0.720  0.717  0.713  0.711 
[0.61, 0.61, 0.61, 0.61, 0.62, 0.62, 0.62, 0.62, 0.62, 0.62, 0.62]

best accuracies:
0.0    0.1    0.2    0.3    0.4    0.5    0.6    0.7    0.8    0.9    1.0   
0.724  0.713  0.715  0.724  0.718  0.719  0.714  0.720  0.718  0.715  0.714 
Job 7 completed successfully

[8] python train_sandbox.py --data_dir ..\data --output_dir ..\results\cmnist_domain_count_clean_v1 --exp_name domain_count_clean --lr 0.0001 --batch_size 25000 --dropout_p 0.2 --seed 3 --algorithm groupdro --steps 1000 --train_envs 0.1,0.2,0.5,0.9 --test_envs 0.0,0.1,0.2,0.3,0.4,0.5,0.6,0.7,0.8,0.9,1.0 --erm_pretrain_iters 400 --lr_cos_sched --groupdro_eta 0.1 --save_ckpts
Args:
	algorithm: groupdro
	alpha: 0.4
	batch_size: 25000
	data_dir: ..\data
	deterministic: False
	dropout_p: 0.2
	erm_pretrain_iters: 400
	eval_freq: 50
	exp_name: domain_count_clean
	full_resolution: False
	groupdro_eta: 0.1
	loss_fn: nll
	lr: 0.0001
	lr_cos_sched: True
	lr_factor_reduction: 1
	mlp_hidden_dim: 390
	n_workers: 0
	network: FiLMedMLP
	other_arg: default
	output_dir: ..\results\cmnist_domain_count_clean_v1
	penalty_weight: 1000
	save_ckpts: True
	seed: 3
	steps: 1000
	tail_support_condition: 
	tail_support_head_env: None
	tail_support_source_envs: 
	tail_support_source_envs_parsed: (0.1, 0.2, 0.5, 0.9)
	tail_support_tail_env: None
	test_env_ms: 0.9
	test_envs: 0.0,0.1,0.2,0.3,0.4,0.5,0.6,0.7,0.8,0.9,1.0
	train_env_ps: (0.1, 0.2, 0.5, 0.9)
	train_env_size_mode: random
	train_env_sizes: 
	train_env_sizes_parsed: None
	train_envs: 0.1,0.2,0.5,0.9
	weight_decay: 0
Train environment sample counts: [12500, 12500, 12500, 12500]
Requested train environments: [0.1, 0.2, 0.5, 0.9]
Active train environments: [0.1, 0.2, 0.5, 0.9]
Train domain count map: {'0.1': 12500, '0.2': 12500, '0.5': 12500, '0.9': 12500}
Empirical training prior map: {'0.1': 0.25, '0.2': 0.25, '0.5': 0.25, '0.9': 0.25}
train_sandbox.py:231: FutureWarning: You are using `torch.load` with `weights_only=False` (the current default value), which uses the default pickle module implicitly. It is possible to construct malicious pickle data which will execute arbitrary code during unpickling (See https://github.com/pytorch/pytorch/blob/main/SECURITY.md#untrusted-models for more details). In a future release, the default value for `weights_only` will be flipped to `True`. This limits the functions that could be executed during unpickling. Arbitrary objects will no longer be allowed to be loaded via this mode unless they are explicitly allowlisted by the user via `torch.serialization.add_safe_globals`. We recommend you start setting `weights_only=True` for any use case where you don't have full control of the loaded file. Please open an issue on GitHub for any issues related to this experimental feature.
  algorithm.load_state_dict(torch.load(erm_ckpt_pth, map_location=device), strict=False)
ERM-pretrained model loaded: 52fad975469fdfebf9c952d436858277.
0.0_acc       0.0_loss      0.1_acc       0.1_loss      0.2_acc       0.2_loss      0.3_acc       0.3_loss      0.4_acc       0.4_loss      0.5_acc       0.5_loss      0.6_acc       0.6_loss      0.7_acc       0.7_loss      0.8_acc       0.8_loss      0.9_acc       0.9_loss      1.0_acc       1.0_loss      avg_step_tim  epoch         group_losses  group_weight  loss          mem_gb        step         
0.7255000000  0.5849542618  0.7283000000  0.5850589871  0.7217000000  0.5973685384  0.7247000000  0.5948634744  0.7258000000  0.5989162922  0.7151000000  0.6149454117  0.7097000000  0.6313831210  0.7061000000  0.6299151182  0.6967000000  0.6508859992  0.6951000000  0.6491442323  0.6898000000  0.6615403295  0.0419707908  900.00000000  [0.492202520  [0.200326502  0.5172091722  0.6390876770  450          
0.0_acc       0.0_loss      0.1_acc       0.1_loss      0.2_acc       0.2_loss      0.3_acc       0.3_loss      0.4_acc       0.4_loss      0.5_acc       0.5_loss      0.6_acc       0.6_loss      0.7_acc       0.7_loss      0.8_acc       0.8_loss      0.9_acc       0.9_loss      1.0_acc       1.0_loss      avg_step_tim  epoch         group_losses  group_weight  loss          mem_gb        step         
0.7203000000  0.6069539189  0.7227000000  0.6030084491  0.7172000000  0.6130061150  0.7209000000  0.6069195867  0.7220000000  0.6073099375  0.7131000000  0.6207502484  0.7076000000  0.6347843409  0.7057000000  0.6294564009  0.6976000000  0.6477169991  0.6978000000  0.6427769661  0.6916000000  0.6523408890  0.0392657394  1000.0000000  [0.499442487  [0.188719570  0.5057525635  0.6390881538  500          
0.0_acc       0.0_loss      0.1_acc       0.1_loss      0.2_acc       0.2_loss      0.3_acc       0.3_loss      0.4_acc       0.4_loss      0.5_acc       0.5_loss      0.6_acc       0.6_loss      0.7_acc       0.7_loss      0.8_acc       0.8_loss      0.9_acc       0.9_loss      1.0_acc       1.0_loss      avg_step_tim  epoch         group_losses  group_weight  loss          mem_gb        step         
0.7176000000  0.6147210002  0.7193000000  0.6098920703  0.7143000000  0.6198676825  0.7176000000  0.6144717336  0.7189000000  0.6144553423  0.7086000000  0.6278939247  0.7038000000  0.6425198913  0.7049000000  0.6365133524  0.6946000000  0.6559578180  0.6941000000  0.6506628990  0.6881000000  0.6604045630  0.0398455386  1100.0000000  [0.494782477  [0.185474812  0.4957878292  0.6390881538  550          
0.0_acc       0.0_loss      0.1_acc       0.1_loss      0.2_acc       0.2_loss      0.3_acc       0.3_loss      0.4_acc       0.4_loss      0.5_acc       0.5_loss      0.6_acc       0.6_loss      0.7_acc       0.7_loss      0.8_acc       0.8_loss      0.9_acc       0.9_loss      1.0_acc       1.0_loss      avg_step_tim  epoch         group_losses  group_weight  loss          mem_gb        step         
0.7170000000  0.6186219454  0.7171000000  0.6139583588  0.7122000000  0.6250879765  0.7143000000  0.6201367974  0.7161000000  0.6215026379  0.7047000000  0.6352748871  0.6995000000  0.6515448093  0.7006000000  0.6457363367  0.6883000000  0.6672740579  0.6898000000  0.6628537774  0.6818000000  0.6733744740  0.0439554556  1200.0000000  [0.485338360  [0.185089439  0.4822776616  0.6390881538  600          
0.0_acc       0.0_loss      0.1_acc       0.1_loss      0.2_acc       0.2_loss      0.3_acc       0.3_loss      0.4_acc       0.4_loss      0.5_acc       0.5_loss      0.6_acc       0.6_loss      0.7_acc       0.7_loss      0.8_acc       0.8_loss      0.9_acc       0.9_loss      1.0_acc       1.0_loss      avg_step_tim  epoch         group_losses  group_weight  loss          mem_gb        step         
0.7147000000  0.6175832748  0.7162000000  0.6144409180  0.7102000000  0.6274766326  0.7125000000  0.6247304082  0.7132000000  0.6281239390  0.7011000000  0.6431620717  0.6974000000  0.6623298526  0.6948000000  0.6577288508  0.6826000000  0.6823307872  0.6832000000  0.6794580817  0.6755000000  0.6917719841  0.0384379226  1300.0000000  [0.467255800  [0.185318633  0.4719552994  0.6390881538  650          
0.0_acc       0.0_loss      0.1_acc       0.1_loss      0.2_acc       0.2_loss      0.3_acc       0.3_loss      0.4_acc       0.4_loss      0.5_acc       0.5_loss      0.6_acc       0.6_loss      0.7_acc       0.7_loss      0.8_acc       0.8_loss      0.9_acc       0.9_loss      1.0_acc       1.0_loss      avg_step_tim  epoch         group_losses  group_weight  loss          mem_gb        step         
0.7130000000  0.6207445264  0.7143000000  0.6178709865  0.7084000000  0.6318331361  0.7110000000  0.6299831867  0.7120000000  0.6344642639  0.6989000000  0.6496963501  0.6941000000  0.6703575253  0.6908000000  0.6656510234  0.6800000000  0.6919527650  0.6791000000  0.6898813844  0.6722000000  0.7029874921  0.0367387761  1400.0000000  [0.467638880  [0.186837792  0.4638832211  0.6390881538  700          
0.0_acc       0.0_loss      0.1_acc       0.1_loss      0.2_acc       0.2_loss      0.3_acc       0.3_loss      0.4_acc       0.4_loss      0.5_acc       0.5_loss      0.6_acc       0.6_loss      0.7_acc       0.7_loss      0.8_acc       0.8_loss      0.9_acc       0.9_loss      1.0_acc       1.0_loss      avg_step_tim  epoch         group_losses  group_weight  loss          mem_gb        step         
0.7134000000  0.6220684648  0.7138000000  0.6195807457  0.7074000000  0.6347699761  0.7100000000  0.6335192919  0.7090000000  0.6392507553  0.6978000000  0.6554297209  0.6927000000  0.6774048805  0.6883000000  0.6731437445  0.6762000000  0.7008827925  0.6767000000  0.6994637251  0.6678000000  0.7135415673  0.0365605996  1500.0000000  [0.461330294  [0.188523650  0.4566237628  0.6390881538  750          
0.0_acc       0.0_loss      0.1_acc       0.1_loss      0.2_acc       0.2_loss      0.3_acc       0.3_loss      0.4_acc       0.4_loss      0.5_acc       0.5_loss      0.6_acc       0.6_loss      0.7_acc       0.7_loss      0.8_acc       0.8_loss      0.9_acc       0.9_loss      1.0_acc       1.0_loss      avg_step_tim  epoch         group_losses  group_weight  loss          mem_gb        step         
0.7144000000  0.6217846870  0.7133000000  0.6202414036  0.7065000000  0.6362000108  0.7083000000  0.6357411742  0.7083000000  0.6426460147  0.6962000000  0.6597100496  0.6910000000  0.6828435659  0.6865000000  0.6787928939  0.6724000000  0.7083138227  0.6737000000  0.7075392604  0.6640000000  0.7223875523  0.0317348149  1600.0000000  [0.456621080  [0.190367847  0.4516068101  0.6390881538  800          
0.0_acc       0.0_loss      0.1_acc       0.1_loss      0.2_acc       0.2_loss      0.3_acc       0.3_loss      0.4_acc       0.4_loss      0.5_acc       0.5_loss      0.6_acc       0.6_loss      0.7_acc       0.7_loss      0.8_acc       0.8_loss      0.9_acc       0.9_loss      1.0_acc       1.0_loss      avg_step_tim  epoch         group_losses  group_weight  loss          mem_gb        step         
0.7151000000  0.6224591136  0.7145000000  0.6213392615  0.7072000000  0.6375154257  0.7087000000  0.6373965144  0.7074000000  0.6447631717  0.6973000000  0.6619951725  0.6910000000  0.6856397986  0.6855000000  0.6820200086  0.6710000000  0.7118641138  0.6720000000  0.7117018104  0.6616000000  0.7266786695  0.0281341194  1700.0000000  [0.449013203  [0.191440477  0.4507205784  0.6390881538  850          
0.0_acc       0.0_loss      0.1_acc       0.1_loss      0.2_acc       0.2_loss      0.3_acc       0.3_loss      0.4_acc       0.4_loss      0.5_acc       0.5_loss      0.6_acc       0.6_loss      0.7_acc       0.7_loss      0.8_acc       0.8_loss      0.9_acc       0.9_loss      1.0_acc       1.0_loss      avg_step_tim  epoch         group_losses  group_weight  loss          mem_gb        step         
0.7155000000  0.6223031878  0.7151000000  0.6213824153  0.7069000000  0.6380306482  0.7079000000  0.6381925344  0.7078000000  0.6459637284  0.6967000000  0.6636933684  0.6908000000  0.6878265738  0.6849000000  0.6843830347  0.6703000000  0.7148821354  0.6709000000  0.7149612308  0.6609000000  0.7303391695  0.0280182735  1800.0000000  [0.450200527  [0.192355498  0.4481424391  0.6390881538  900          
0.0_acc       0.0_loss      0.1_acc       0.1_loss      0.2_acc       0.2_loss      0.3_acc       0.3_loss      0.4_acc       0.4_loss      0.5_acc       0.5_loss      0.6_acc       0.6_loss      0.7_acc       0.7_loss      0.8_acc       0.8_loss      0.9_acc       0.9_loss      1.0_acc       1.0_loss      avg_step_tim  epoch         group_losses  group_weight  loss          mem_gb        step         
0.7160000000  0.6213912368  0.7150000000  0.6208292842  0.7074000000  0.6377763152  0.7079000000  0.6382457614  0.7074000000  0.6463674903  0.6959000000  0.6643615961  0.6906000000  0.6889247298  0.6839000000  0.6856736541  0.6690000000  0.7165578008  0.6696000000  0.7169211507  0.6598000000  0.7326028943  0.0263482854  1900.0000000  [0.449120223  [0.193868249  0.4468107224  0.6390881538  950          
0.0_acc       0.0_loss      0.1_acc       0.1_loss      0.2_acc       0.2_loss      0.3_acc       0.3_loss      0.4_acc       0.4_loss      0.5_acc       0.5_loss      0.6_acc       0.6_loss      0.7_acc       0.7_loss      0.8_acc       0.8_loss      0.9_acc       0.9_loss      1.0_acc       1.0_loss      avg_step_tim  epoch         group_losses  group_weight  loss          mem_gb        step         
0.7157000000  0.6224002242  0.7148000000  0.6216128469  0.7073000000  0.6383951902  0.7079000000  0.6386353374  0.7073000000  0.6465691924  0.6958000000  0.6643576622  0.6906000000  0.6887303591  0.6842000000  0.6852865219  0.6695000000  0.7159357071  0.6699000000  0.7161403894  0.6599000000  0.7316159606  0.0245041523  2000.0000000  [0.446053922  [0.193959087  0.4448635578  0.6390881538  1000         
[0.67, 0.67, 0.68, 0.68, 0.69, 0.7, 0.7, 0.71, 0.71, 0.72, 0.73]

final accuracies:
0.0    0.1    0.2    0.3    0.4    0.5    0.6    0.7    0.8    0.9    1.0   
0.717  0.712  0.703  0.709  0.693  0.691  0.687  0.684  0.676  0.673  0.660 
[0.62, 0.63, 0.63, 0.63, 0.63, 0.64, 0.64, 0.64, 0.64, 0.65, 0.66]

best accuracies:
0.0    0.1    0.2    0.3    0.4    0.5    0.6    0.7    0.8    0.9    1.0   
0.721  0.722  0.714  0.719  0.711  0.709  0.708  0.704  0.706  0.702  0.693 
Job 8 completed successfully

[9] python train_sandbox.py --data_dir ..\data --output_dir ..\results\cmnist_domain_count_clean_v1 --exp_name domain_count_clean --lr 0.0001 --batch_size 25000 --dropout_p 0.2 --seed 3 --algorithm iro --steps 600 --train_envs 0.1,0.2,0.5,0.9 --test_envs 0.0,0.1,0.2,0.3,0.4,0.5,0.6,0.7,0.8,0.9,1.0 --erm_pretrain_iters 400 --lr_cos_sched --save_ckpts
